Java HotSpot(TM) 64-Bit Server VM (25.151-b12) for linux-amd64 JRE (1.8.0_151-b12), built on Sep  5 2017 19:20:58 by "java_re" with gcc 4.3.0 20080428 (Red Hat 4.3.0-8)
Memory: 4k page, physical 65860788k(3122736k free), swap 32997368k(32880744k free)
CommandLine flags: -XX:CMSFullGCsBeforeCompaction=0 -XX:CMSInitiatingOccupancyFraction=75 -XX:+CMSParallelRemarkEnabled -XX:InitialHeapSize=2147483648 -XX:InitialTenuringThreshold=1 -XX:MaxHeapSize=2147483648 -XX:MaxNewSize=1073741824 -XX:MaxTenuringThreshold=1 -XX:NewSize=1073741824 -XX:OldPLABSize=16 -XX:+PrintGC -XX:+PrintGCApplicationConcurrentTime -XX:+PrintGCApplicationStoppedTime -XX:+PrintGCDetails -XX:+PrintGCTimeStamps -XX:SurvivorRatio=8 -XX:+UseCMSCompactAtFullCollection -XX:+UseCMSInitiatingOccupancyOnly -XX:+UseCompressedClassPointers -XX:+UseCompressedOops -XX:+UseConcMarkSweepGC -XX:+UseParNewGC 
0.138: Application time: 0.0849991 seconds
0.138: Total time for which application threads were stopped: 0.0001213 seconds, Stopping threads took: 0.0000226 seconds
0.217: Application time: 0.0784071 seconds
0.217: Total time for which application threads were stopped: 0.0000852 seconds, Stopping threads took: 0.0000191 seconds
0.254: Application time: 0.0370720 seconds
0.254: Total time for which application threads were stopped: 0.0000725 seconds, Stopping threads took: 0.0000165 seconds
4.059: Application time: 3.8048877 seconds
4.059: Total time for which application threads were stopped: 0.0001477 seconds, Stopping threads took: 0.0000230 seconds
Heap
 par new generation   total 943744K, used 201339K [0x0000000080000000, 0x00000000c0000000, 0x00000000c0000000)
  eden space 838912K,  24% used [0x0000000080000000, 0x000000008c49ef70, 0x00000000b3340000)
  from space 104832K,   0% used [0x00000000b3340000, 0x00000000b3340000, 0x00000000b99a0000)
  to   space 104832K,   0% used [0x00000000b99a0000, 0x00000000b99a0000, 0x00000000c0000000)
 concurrent mark-sweep generation total 1048576K, used 0K [0x00000000c0000000, 0x0000000100000000, 0x0000000100000000)
 Metaspace       used 7302K, capacity 7402K, committed 7680K, reserved 1056768K
  class space    used 861K, capacity 913K, committed 1024K, reserved 1048576K
6.413: Application time: 2.3535529 seconds
